// Jest Snapshot v1, https://goo.gl/fbAQLP

exports[`renders article info 1`] = `
Array [
  <style
    dangerouslySetInnerHTML={
      Object {
        "__html": ".css-1gdfwye-MuiCard-root{overflow:hidden;}",
      }
    }
    data-emotion="css 1gdfwye-MuiCard-root"
  />,
  <style
    dangerouslySetInnerHTML={
      Object {
        "__html": ".css-fky5tw-MuiPaper-root-MuiCard-root{background-color:#fff;color:rgba(0, 0, 0, 0.87);-webkit-transition:box-shadow 300ms cubic-bezier(0.4, 0, 0.2, 1) 0ms;transition:box-shadow 300ms cubic-bezier(0.4, 0, 0.2, 1) 0ms;border-radius:4px;box-shadow:0px 5px 5px -3px rgba(0,0,0,0.2),0px 8px 10px 1px rgba(0,0,0,0.14),0px 3px 14px 2px rgba(0,0,0,0.12);overflow:hidden;}",
      }
    }
    data-emotion="css fky5tw-MuiPaper-root-MuiCard-root"
  />,
  <div
    className="MuiPaper-root MuiPaper-elevation MuiPaper-rounded MuiPaper-elevation8 MuiCard-root css-fky5tw-MuiPaper-root-MuiCard-root"
  >
    <style
      dangerouslySetInnerHTML={
        Object {
          "__html": ".css-46bh2p-MuiCardContent-root{padding:16px;}.css-46bh2p-MuiCardContent-root:last-child{padding-bottom:24px;}",
        }
      }
      data-emotion="css 46bh2p-MuiCardContent-root"
    />
    <div
      className="MuiCardContent-root css-46bh2p-MuiCardContent-root"
    >
      <style
        dangerouslySetInnerHTML={
          Object {
            "__html": ".css-16m3jxf-MuiTypography-root{margin:0;font-family:\\"Roboto\\",\\"Helvetica\\",\\"Arial\\",sans-serif;font-weight:400;font-size:1rem;line-height:1.5;letter-spacing:0.00938em;margin-bottom:0.35em;color:rgba(0, 0, 0, 0.6);font-size:14px;}",
          }
        }
        data-emotion="css 16m3jxf-MuiTypography-root"
      />
      <p
        className="MuiTypography-root MuiTypography-body1 MuiTypography-gutterBottom css-16m3jxf-MuiTypography-root"
      >
        Rank: 
        1
      </p>
      <style
        dangerouslySetInnerHTML={
          Object {
            "__html": ".css-1su4552-MuiTypography-root{margin:0;font-family:\\"Roboto\\",\\"Helvetica\\",\\"Arial\\",sans-serif;font-weight:400;font-size:1.5rem;line-height:1.334;letter-spacing:0em;margin-bottom:4px;}",
          }
        }
        data-emotion="css 1su4552-MuiTypography-root"
      />
      <div
        className="MuiTypography-root MuiTypography-h5 css-1su4552-MuiTypography-root"
      >
        Test Article
      </div>
      <style
        dangerouslySetInnerHTML={
          Object {
            "__html": ".css-9eg9l8-MuiTypography-root{margin:0;font-family:\\"Roboto\\",\\"Helvetica\\",\\"Arial\\",sans-serif;font-weight:400;font-size:1rem;line-height:1.5;letter-spacing:0.00938em;color:rgba(0, 0, 0, 0.6);margin-bottom:12px;}",
          }
        }
        data-emotion="css 9eg9l8-MuiTypography-root"
      />
      <p
        className="MuiTypography-root MuiTypography-body1 css-9eg9l8-MuiTypography-root"
      >
        100
         views
      </p>
    </div>
    <style
      dangerouslySetInnerHTML={
        Object {
          "__html": ".css-1t6e9jv-MuiCardActions-root{display:-webkit-box;display:-webkit-flex;display:-ms-flexbox;display:flex;-webkit-align-items:center;-webkit-box-align:center;-ms-flex-align:center;align-items:center;padding:8px;}.css-1t6e9jv-MuiCardActions-root>:not(:first-of-type){margin-left:8px;}",
        }
      }
      data-emotion="css 1t6e9jv-MuiCardActions-root"
    />
    <div
      className="MuiCardActions-root MuiCardActions-spacing css-1t6e9jv-MuiCardActions-root"
    >
      <style
        dangerouslySetInnerHTML={
          Object {
            "__html": ".css-jl17tt-MuiButton-root{font-family:\\"Roboto\\",\\"Helvetica\\",\\"Arial\\",sans-serif;font-weight:500;font-size:0.8125rem;line-height:1.75;letter-spacing:0.02857em;text-transform:uppercase;min-width:64px;padding:4px 5px;border-radius:4px;-webkit-transition:background-color 250ms cubic-bezier(0.4, 0, 0.2, 1) 0ms,box-shadow 250ms cubic-bezier(0.4, 0, 0.2, 1) 0ms,border-color 250ms cubic-bezier(0.4, 0, 0.2, 1) 0ms,color 250ms cubic-bezier(0.4, 0, 0.2, 1) 0ms;transition:background-color 250ms cubic-bezier(0.4, 0, 0.2, 1) 0ms,box-shadow 250ms cubic-bezier(0.4, 0, 0.2, 1) 0ms,border-color 250ms cubic-bezier(0.4, 0, 0.2, 1) 0ms,color 250ms cubic-bezier(0.4, 0, 0.2, 1) 0ms;color:#1976d2;}.css-jl17tt-MuiButton-root:hover{-webkit-text-decoration:none;text-decoration:none;background-color:rgba(25, 118, 210, 0.04);}@media (hover: none){.css-jl17tt-MuiButton-root:hover{background-color:transparent;}}.css-jl17tt-MuiButton-root.Mui-disabled{color:rgba(0, 0, 0, 0.26);}",
          }
        }
        data-emotion="css jl17tt-MuiButton-root"
      />
      <style
        dangerouslySetInnerHTML={
          Object {
            "__html": ".css-1knaqv7-MuiButtonBase-root-MuiButton-root{display:-webkit-inline-box;display:-webkit-inline-flex;display:-ms-inline-flexbox;display:inline-flex;-webkit-align-items:center;-webkit-box-align:center;-ms-flex-align:center;align-items:center;-webkit-box-pack:center;-ms-flex-pack:center;-webkit-justify-content:center;justify-content:center;position:relative;box-sizing:border-box;-webkit-tap-highlight-color:transparent;background-color:transparent;outline:0;border:0;margin:0;border-radius:0;padding:0;cursor:pointer;-webkit-user-select:none;-moz-user-select:none;-ms-user-select:none;user-select:none;vertical-align:middle;-moz-appearance:none;-webkit-appearance:none;-webkit-text-decoration:none;text-decoration:none;color:inherit;font-family:\\"Roboto\\",\\"Helvetica\\",\\"Arial\\",sans-serif;font-weight:500;font-size:0.8125rem;line-height:1.75;letter-spacing:0.02857em;text-transform:uppercase;min-width:64px;padding:4px 5px;border-radius:4px;-webkit-transition:background-color 250ms cubic-bezier(0.4, 0, 0.2, 1) 0ms,box-shadow 250ms cubic-bezier(0.4, 0, 0.2, 1) 0ms,border-color 250ms cubic-bezier(0.4, 0, 0.2, 1) 0ms,color 250ms cubic-bezier(0.4, 0, 0.2, 1) 0ms;transition:background-color 250ms cubic-bezier(0.4, 0, 0.2, 1) 0ms,box-shadow 250ms cubic-bezier(0.4, 0, 0.2, 1) 0ms,border-color 250ms cubic-bezier(0.4, 0, 0.2, 1) 0ms,color 250ms cubic-bezier(0.4, 0, 0.2, 1) 0ms;color:#1976d2;}.css-1knaqv7-MuiButtonBase-root-MuiButton-root::-moz-focus-inner{border-style:none;}.css-1knaqv7-MuiButtonBase-root-MuiButton-root.Mui-disabled{pointer-events:none;cursor:default;}@media print{.css-1knaqv7-MuiButtonBase-root-MuiButton-root{-webkit-print-color-adjust:exact;color-adjust:exact;}}.css-1knaqv7-MuiButtonBase-root-MuiButton-root:hover{-webkit-text-decoration:none;text-decoration:none;background-color:rgba(25, 118, 210, 0.04);}@media (hover: none){.css-1knaqv7-MuiButtonBase-root-MuiButton-root:hover{background-color:transparent;}}.css-1knaqv7-MuiButtonBase-root-MuiButton-root.Mui-disabled{color:rgba(0, 0, 0, 0.26);}",
          }
        }
        data-emotion="css 1knaqv7-MuiButtonBase-root-MuiButton-root"
      />
      <button
        className="MuiButtonBase-root MuiButton-root MuiButton-text MuiButton-textPrimary MuiButton-sizeSmall MuiButton-textSizeSmall MuiButton-root MuiButton-text MuiButton-textPrimary MuiButton-sizeSmall MuiButton-textSizeSmall css-1knaqv7-MuiButtonBase-root-MuiButton-root"
        disabled={false}
        onBlur={[Function]}
        onClick={[Function]}
        onContextMenu={[Function]}
        onDragLeave={[Function]}
        onFocus={[Function]}
        onKeyDown={[Function]}
        onKeyUp={[Function]}
        onMouseDown={[Function]}
        onMouseLeave={[Function]}
        onMouseUp={[Function]}
        onTouchEnd={[Function]}
        onTouchMove={[Function]}
        onTouchStart={[Function]}
        tabIndex={0}
        type="button"
      >
        More Info
      </button>
    </div>
  </div>,
]
`;
